#
# There is insufficient memory for the Java Runtime Environment to continue.
# Native memory allocation (malloc) failed to allocate 2019056 bytes. Error detail: Chunk::new
# Possible reasons:
#   The system is out of physical RAM or swap space
#   This process is running with CompressedOops enabled, and the Java Heap may be blocking the growth of the native heap
# Possible solutions:
#   Reduce memory load on the system
#   Increase physical memory or swap space
#   Check if swap backing store is full
#   Decrease Java heap size (-Xmx/-Xms)
#   Decrease number of Java threads
#   Decrease Java thread stack sizes (-Xss)
#   Set larger code cache with -XX:ReservedCodeCacheSize=
#   JVM is running with Unscaled Compressed Oops mode in which the Java heap is
#     placed in the first 4GB address space. The Java Heap base address is the
#     maximum limit for the native heap growth. Please use -XX:HeapBaseMinAddress
#     to set the Java Heap base and to place the Java Heap above 4GB virtual address.
# This output file may be truncated or incomplete.
#
#  Out of Memory Error (arena.cpp:191), pid=20108, tid=28600
#
# JRE version: OpenJDK Runtime Environment Microsoft-11369865 (17.0.15+6) (build 17.0.15+6-LTS)
# Java VM: OpenJDK 64-Bit Server VM Microsoft-11369865 (17.0.15+6-LTS, mixed mode, sharing, tiered, compressed oops, compressed class ptrs, g1 gc, windows-amd64)
# No core dump will be written. Minidumps are not enabled by default on client versions of Windows
#

---------------  S U M M A R Y ------------

Command Line: --add-opens=java.base/java.util=ALL-UNNAMED --add-opens=java.base/java.lang=ALL-UNNAMED --add-opens=java.base/java.lang.invoke=ALL-UNNAMED --add-opens=java.prefs/java.util.prefs=ALL-UNNAMED --add-exports=jdk.compiler/com.sun.tools.javac.api=ALL-UNNAMED --add-exports=jdk.compiler/com.sun.tools.javac.util=ALL-UNNAMED --add-opens=java.base/java.nio.charset=ALL-UNNAMED --add-opens=java.base/java.net=ALL-UNNAMED --add-opens=java.base/java.util.concurrent.atomic=ALL-UNNAMED -Xmx2048m -Dfile.encoding=UTF-8 -Duser.country=US -Duser.language=en -Duser.variant -javaagent:C:\Users\OMEN\.gradle\wrapper\dists\gradle-8.10.2-bin\a04bxjujx95o3nb99gddekhwo\gradle-8.10.2\lib\agents\gradle-instrumentation-agent-8.10.2.jar org.gradle.launcher.daemon.bootstrap.GradleDaemon 8.10.2

Host: Intel(R) Core(TM) i7-14650HX, 24 cores, 13G,  Windows 11 , 64 bit Build 26100 (10.0.26100.4768)
Time: Fri Aug  8 12:57:19 2025 Iran Standard Time elapsed time: 1.581710 seconds (0d 0h 0m 1s)

---------------  T H R E A D  ---------------

Current thread (0x000001f1f372f380):  JavaThread "C2 CompilerThread4" daemon [_thread_in_native, id=28600, stack(0x00000057d9900000,0x00000057d9a00000)]


Current CompileTask:
C2:   1581 2501   !   4       java.lang.ClassLoader::loadClass (121 bytes)

Stack: [0x00000057d9900000,0x00000057d9a00000]
Native frames: (J=compiled Java code, j=interpreted, Vv=VM code, C=native code)
V  [jvm.dll+0x6887a9]
V  [jvm.dll+0x83f5a8]
V  [jvm.dll+0x841053]
V  [jvm.dll+0x8416c3]
V  [jvm.dll+0x2496ef]
V  [jvm.dll+0xad134]
V  [jvm.dll+0xad7cc]
V  [jvm.dll+0x36aedf]
V  [jvm.dll+0x335513]
V  [jvm.dll+0x3349aa]
V  [jvm.dll+0x21a908]
V  [jvm.dll+0x219d3f]
V  [jvm.dll+0x1a55f6]
V  [jvm.dll+0x22a39a]
V  [jvm.dll+0x2284db]
V  [jvm.dll+0x7f4e28]
V  [jvm.dll+0x7ef2dc]
V  [jvm.dll+0x687687]
C  [ucrtbase.dll+0x37b0]
C  [KERNEL32.DLL+0x2e8d7]
C  [ntdll.dll+0x3c34c]


---------------  P R O C E S S  ---------------

Threads class SMR info:
_java_thread_list=0x000001f1f9e62ab0, length=33, elements={
0x000001f190347d90, 0x000001f1b193c860, 0x000001f1b193d330, 0x000001f1b1951df0,
0x000001f1b19528c0, 0x000001f1b19551a0, 0x000001f1b1955a70, 0x000001f1b1956720,
0x000001f1b19570e0, 0x000001f1b19579f0, 0x000001f1b197db30, 0x000001f1f3109e40,
0x000001f1f310a360, 0x000001f1f30809c0, 0x000001f1f31d5b90, 0x000001f1f31db3d0,
0x000001f1f3298530, 0x000001f1f36fe660, 0x000001f1f372f380, 0x000001f1f37a0240,
0x000001f1f903e0b0, 0x000001f1f35dbd40, 0x000001f1f8c44a90, 0x000001f1f9a17c90,
0x000001f1f816b870, 0x000001f1f816a430, 0x000001f1f8169a10, 0x000001f1f816c290,
0x000001f1f816ae50, 0x000001f1f816bd80, 0x000001f1f8169f20, 0x000001f1f816a940,
0x000001f1f816b360
}

Java Threads: ( => current thread )
  0x000001f190347d90 JavaThread "main" [_thread_blocked, id=13112, stack(0x00000057d8000000,0x00000057d8100000)]
  0x000001f1b193c860 JavaThread "Reference Handler" daemon [_thread_blocked, id=17896, stack(0x00000057d8700000,0x00000057d8800000)]
  0x000001f1b193d330 JavaThread "Finalizer" daemon [_thread_blocked, id=30232, stack(0x00000057d8800000,0x00000057d8900000)]
  0x000001f1b1951df0 JavaThread "Signal Dispatcher" daemon [_thread_blocked, id=30024, stack(0x00000057d8900000,0x00000057d8a00000)]
  0x000001f1b19528c0 JavaThread "Attach Listener" daemon [_thread_blocked, id=29448, stack(0x00000057d8a00000,0x00000057d8b00000)]
  0x000001f1b19551a0 JavaThread "Service Thread" daemon [_thread_blocked, id=26560, stack(0x00000057d8b00000,0x00000057d8c00000)]
  0x000001f1b1955a70 JavaThread "Monitor Deflation Thread" daemon [_thread_blocked, id=2124, stack(0x00000057d8c00000,0x00000057d8d00000)]
  0x000001f1b1956720 JavaThread "C2 CompilerThread0" daemon [_thread_blocked, id=17824, stack(0x00000057d8d00000,0x00000057d8e00000)]
  0x000001f1b19570e0 JavaThread "C1 CompilerThread0" daemon [_thread_blocked, id=30644, stack(0x00000057d8e00000,0x00000057d8f00000)]
  0x000001f1b19579f0 JavaThread "Sweeper thread" daemon [_thread_blocked, id=10136, stack(0x00000057d8f00000,0x00000057d9000000)]
  0x000001f1b197db30 JavaThread "C1 CompilerThread1" daemon [_thread_blocked, id=26740, stack(0x00000057d9000000,0x00000057d9100000)]
  0x000001f1f3109e40 JavaThread "C1 CompilerThread2" daemon [_thread_blocked, id=19204, stack(0x00000057d9100000,0x00000057d9200000)]
  0x000001f1f310a360 JavaThread "C1 CompilerThread3" daemon [_thread_blocked, id=11276, stack(0x00000057d9200000,0x00000057d9300000)]
  0x000001f1f30809c0 JavaThread "Common-Cleaner" daemon [_thread_blocked, id=29960, stack(0x00000057d9300000,0x00000057d9400000)]
  0x000001f1f31d5b90 JavaThread "C2 CompilerThread1" daemon [_thread_blocked, id=24028, stack(0x00000057d9400000,0x00000057d9500000)]
  0x000001f1f31db3d0 JavaThread "C2 CompilerThread2" daemon [_thread_in_native, id=19324, stack(0x00000057d9500000,0x00000057d9600000)]
  0x000001f1f3298530 JavaThread "Notification Thread" daemon [_thread_blocked, id=10260, stack(0x00000057d9600000,0x00000057d9700000)]
  0x000001f1f36fe660 JavaThread "C2 CompilerThread3" daemon [_thread_in_native, id=30568, stack(0x00000057d9800000,0x00000057d9900000)]
=>0x000001f1f372f380 JavaThread "C2 CompilerThread4" daemon [_thread_in_native, id=28600, stack(0x00000057d9900000,0x00000057d9a00000)]
  0x000001f1f37a0240 JavaThread "C2 CompilerThread5" daemon [_thread_in_native, id=25008, stack(0x00000057d9a00000,0x00000057d9b00000)]
  0x000001f1f903e0b0 JavaThread "Daemon health stats" [_thread_blocked, id=10644, stack(0x00000057d9f00000,0x00000057da000000)]
  0x000001f1f35dbd40 JavaThread "Incoming local TCP Connector on port 50872" [_thread_in_native, id=27872, stack(0x00000057da000000,0x00000057da100000)]
  0x000001f1f8c44a90 JavaThread "Daemon periodic checks" [_thread_blocked, id=28984, stack(0x00000057da700000,0x00000057da800000)]
  0x000001f1f9a17c90 JavaThread "Daemon" [_thread_blocked, id=29276, stack(0x00000057da800000,0x00000057da900000)]
  0x000001f1f816b870 JavaThread "Handler for socket connection from /127.0.0.1:50872 to /127.0.0.1:50873" [_thread_in_native, id=28560, stack(0x00000057da900000,0x00000057daa00000)]
  0x000001f1f816a430 JavaThread "Cancel handler" [_thread_blocked, id=13848, stack(0x00000057daa00000,0x00000057dab00000)]
  0x000001f1f8169a10 JavaThread "Daemon worker" [_thread_in_vm, id=11436, stack(0x00000057dab00000,0x00000057dac00000)]
  0x000001f1f816c290 JavaThread "Asynchronous log dispatcher for DefaultDaemonConnection: socket connection from /127.0.0.1:50872 to /127.0.0.1:50873" [_thread_blocked, id=1708, stack(0x00000057dac00000,0x00000057dad00000)]
  0x000001f1f816ae50 JavaThread "Stdin handler" [_thread_blocked, id=30408, stack(0x00000057dad00000,0x00000057dae00000)]
  0x000001f1f816bd80 JavaThread "Daemon client event forwarder" [_thread_blocked, id=30696, stack(0x00000057dae00000,0x00000057daf00000)]
  0x000001f1f8169f20 JavaThread "Cache worker for journal cache (C:\Users\OMEN\.gradle\caches\journal-1)" [_thread_blocked, id=11560, stack(0x00000057daf00000,0x00000057db000000)]
  0x000001f1f816a940 JavaThread "File lock request listener" [_thread_in_native, id=23452, stack(0x00000057db000000,0x00000057db100000)]
  0x000001f1f816b360 JavaThread "Cache worker for file hash cache (C:\Users\OMEN\.gradle\caches\8.10.2\fileHashes)" [_thread_blocked, id=6768, stack(0x00000057db100000,0x00000057db200000)]

Other Threads:
  0x000001f1b19390e0 VMThread "VM Thread" [stack: 0x00000057d8600000,0x00000057d8700000] [id=27136]
  0x000001f190348a20 WatcherThread [stack: 0x00000057d9700000,0x00000057d9800000] [id=17420]
  0x000001f1903a8a40 GCTaskThread "GC Thread#0" [stack: 0x00000057d8100000,0x00000057d8200000] [id=28708]
  0x000001f1f37aa910 GCTaskThread "GC Thread#1" [stack: 0x00000057d9b00000,0x00000057d9c00000] [id=7520]
  0x000001f1f36916e0 GCTaskThread "GC Thread#2" [stack: 0x00000057d9c00000,0x00000057d9d00000] [id=8080]
  0x000001f1f37c35c0 GCTaskThread "GC Thread#3" [stack: 0x00000057d9d00000,0x00000057d9e00000] [id=2812]
  0x000001f1f3868290 GCTaskThread "GC Thread#4" [stack: 0x00000057d9e00000,0x00000057d9f00000] [id=20252]
  0x000001f1f8733820 GCTaskThread "GC Thread#5" [stack: 0x00000057da100000,0x00000057da200000] [id=1600]
  0x000001f1f96daa60 GCTaskThread "GC Thread#6" [stack: 0x00000057da200000,0x00000057da300000] [id=17556]
  0x000001f1f9777050 GCTaskThread "GC Thread#7" [stack: 0x00000057da300000,0x00000057da400000] [id=30700]
  0x000001f1f9d5fb40 GCTaskThread "GC Thread#8" [stack: 0x00000057da400000,0x00000057da500000] [id=29892]
  0x000001f1f99c94f0 GCTaskThread "GC Thread#9" [stack: 0x00000057da500000,0x00000057da600000] [id=21932]
  0x000001f1f9c625f0 GCTaskThread "GC Thread#10" [stack: 0x00000057da600000,0x00000057da700000] [id=26380]
  0x000001f1903b9940 ConcurrentGCThread "G1 Main Marker" [stack: 0x00000057d8200000,0x00000057d8300000] [id=24888]
  0x000001f1903ba270 ConcurrentGCThread "G1 Conc#0" [stack: 0x00000057d8300000,0x00000057d8400000] [id=17316]
  0x000001f1b1871c90 ConcurrentGCThread "G1 Refine#0" [stack: 0x00000057d8400000,0x00000057d8500000] [id=15880]
  0x000001f1b1872370 ConcurrentGCThread "G1 Service" [stack: 0x00000057d8500000,0x00000057d8600000] [id=28608]

Threads with active compile tasks:
C2 CompilerThread2     1590 2559   !   4       java.net.URLClassLoader::findClass (47 bytes)
C2 CompilerThread3     1590 2560       4       java.net.URLClassLoader$1::run (5 bytes)
C2 CompilerThread4     1590 2501   !   4       java.lang.ClassLoader::loadClass (121 bytes)
C2 CompilerThread5     1591 2561   !   4       java.net.URLClassLoader$1::run (81 bytes)

VM state: not at safepoint (normal execution)

VM Mutex/Monitor currently owned by a thread: None

Heap address: 0x0000000080000000, size: 2048 MB, Compressed Oops mode: 32-bit

CDS archive(s) mapped at: [0x000001f1b2000000-0x000001f1b2bb0000-0x000001f1b2bb0000), size 12255232, SharedBaseAddress: 0x000001f1b2000000, ArchiveRelocationMode: 1.
Compressed class space mapped at: 0x000001f1b3000000-0x000001f1f3000000, reserved size: 1073741824
Narrow klass base: 0x000001f1b2000000, Narrow klass shift: 0, Narrow klass range: 0x100000000

GC Precious Log:
 CPUs: 24 total, 24 available
 Memory: 14039M
 Large Page Support: Disabled
 NUMA Support: Disabled
 Compressed Oops: Enabled (32-bit)
 Heap Region Size: 1M
 Heap Min Capacity: 8M
 Heap Initial Capacity: 220M
 Heap Max Capacity: 2G
 Pre-touch: Disabled
 Parallel Workers: 18
 Concurrent Workers: 5
 Concurrent Refinement Workers: 18
 Periodic GC: Disabled

Heap:
 garbage-first heap   total 225280K, used 62823K [0x0000000080000000, 0x0000000100000000)
  region size 1024K, 53 young (54272K), 9 survivors (9216K)
 Metaspace       used 16123K, committed 16448K, reserved 1114112K
  class space    used 2258K, committed 2432K, reserved 1048576K

Heap Regions: E=young(eden), S=young(survivor), O=old, HS=humongous(starts), HC=humongous(continues), CS=collection set, F=free, OA=open archive, CA=closed archive, TAMS=top-at-mark-start (previous, next)
|   0|0x0000000080000000, 0x0000000080100000, 0x0000000080100000|100%| O|  |TAMS 0x0000000080000000, 0x0000000080000000| Untracked 
|   1|0x0000000080100000, 0x0000000080200000, 0x0000000080200000|100%| O|  |TAMS 0x0000000080100000, 0x0000000080100000| Untracked 
|   2|0x0000000080200000, 0x0000000080300000, 0x0000000080300000|100%|HS|  |TAMS 0x0000000080200000, 0x0000000080200000| Complete 
|   3|0x0000000080300000, 0x0000000080400000, 0x0000000080400000|100%|HC|  |TAMS 0x0000000080300000, 0x0000000080300000| Complete 
|   4|0x0000000080400000, 0x0000000080500000, 0x0000000080500000|100%|HC|  |TAMS 0x0000000080400000, 0x0000000080400000| Complete 
|   5|0x0000000080500000, 0x0000000080600000, 0x0000000080600000|100%|HC|  |TAMS 0x0000000080500000, 0x0000000080500000| Complete 
|   6|0x0000000080600000, 0x0000000080700000, 0x0000000080700000|100%| O|  |TAMS 0x0000000080600000, 0x0000000080600000| Untracked 
|   7|0x0000000080700000, 0x0000000080800000, 0x0000000080800000|100%|HS|  |TAMS 0x0000000080700000, 0x0000000080700000| Complete 
|   8|0x0000000080800000, 0x0000000080800000, 0x0000000080900000|  0%| F|  |TAMS 0x0000000080800000, 0x0000000080800000| Untracked 
|   9|0x0000000080900000, 0x0000000080a00000, 0x0000000080a00000|100%| O|  |TAMS 0x0000000080900000, 0x0000000080900000| Untracked 
|  10|0x0000000080a00000, 0x0000000080b00000, 0x0000000080b00000|100%| O|  |TAMS 0x0000000080a00000, 0x0000000080a00000| Untracked 
|  11|0x0000000080b00000, 0x0000000080b59e00, 0x0000000080c00000| 35%| O|  |TAMS 0x0000000080b00000, 0x0000000080b00000| Untracked 
|  12|0x0000000080c00000, 0x0000000080c00000, 0x0000000080d00000|  0%| F|  |TAMS 0x0000000080c00000, 0x0000000080c00000| Untracked 
|  13|0x0000000080d00000, 0x0000000080d00000, 0x0000000080e00000|  0%| F|  |TAMS 0x0000000080d00000, 0x0000000080d00000| Untracked 
|  14|0x0000000080e00000, 0x0000000080e00000, 0x0000000080f00000|  0%| F|  |TAMS 0x0000000080e00000, 0x0000000080e00000| Untracked 
|  15|0x0000000080f00000, 0x0000000080f00000, 0x0000000081000000|  0%| F|  |TAMS 0x0000000080f00000, 0x0000000080f00000| Untracked 
|  16|0x0000000081000000, 0x0000000081000000, 0x0000000081100000|  0%| F|  |TAMS 0x0000000081000000, 0x0000000081000000| Untracked 
|  17|0x0000000081100000, 0x0000000081100000, 0x0000000081200000|  0%| F|  |TAMS 0x0000000081100000, 0x0000000081100000| Untracked 
|  18|0x0000000081200000, 0x0000000081200000, 0x0000000081300000|  0%| F|  |TAMS 0x0000000081200000, 0x0000000081200000| Untracked 
|  19|0x0000000081300000, 0x0000000081300000, 0x0000000081400000|  0%| F|  |TAMS 0x0000000081300000, 0x0000000081300000| Untracked 
|  20|0x0000000081400000, 0x0000000081400000, 0x0000000081500000|  0%| F|  |TAMS 0x0000000081400000, 0x0000000081400000| Untracked 
|  21|0x0000000081500000, 0x0000000081500000, 0x0000000081600000|  0%| F|  |TAMS 0x0000000081500000, 0x0000000081500000| Untracked 
|  22|0x0000000081600000, 0x0000000081600000, 0x0000000081700000|  0%| F|  |TAMS 0x0000000081600000, 0x0000000081600000| Untracked 
|  23|0x0000000081700000, 0x0000000081700000, 0x0000000081800000|  0%| F|  |TAMS 0x0000000081700000, 0x0000000081700000| Untracked 
|  24|0x0000000081800000, 0x0000000081800000, 0x0000000081900000|  0%| F|  |TAMS 0x0000000081800000, 0x0000000081800000| Untracked 
|  25|0x0000000081900000, 0x0000000081900000, 0x0000000081a00000|  0%| F|  |TAMS 0x0000000081900000, 0x0000000081900000| Untracked 
|  26|0x0000000081a00000, 0x0000000081a00000, 0x0000000081b00000|  0%| F|  |TAMS 0x0000000081a00000, 0x0000000081a00000| Untracked 
|  27|0x0000000081b00000, 0x0000000081b00000, 0x0000000081c00000|  0%| F|  |TAMS 0x0000000081b00000, 0x0000000081b00000| Untracked 
|  28|0x0000000081c00000, 0x0000000081c00000, 0x0000000081d00000|  0%| F|  |TAMS 0x0000000081c00000, 0x0000000081c00000| Untracked 
|  29|0x0000000081d00000, 0x0000000081d00000, 0x0000000081e00000|  0%| F|  |TAMS 0x0000000081d00000, 0x0000000081d00000| Untracked 
|  30|0x0000000081e00000, 0x0000000081e00000, 0x0000000081f00000|  0%| F|  |TAMS 0x0000000081e00000, 0x0000000081e00000| Untracked 
|  31|0x0000000081f00000, 0x0000000081f00000, 0x0000000082000000|  0%| F|  |TAMS 0x0000000081f00000, 0x0000000081f00000| Untracked 
|  32|0x0000000082000000, 0x0000000082000000, 0x0000000082100000|  0%| F|  |TAMS 0x0000000082000000, 0x0000000082000000| Untracked 
|  33|0x0000000082100000, 0x0000000082100000, 0x0000000082200000|  0%| F|  |TAMS 0x0000000082100000, 0x0000000082100000| Untracked 
|  34|0x0000000082200000, 0x0000000082200000, 0x0000000082300000|  0%| F|  |TAMS 0x0000000082200000, 0x0000000082200000| Untracked 
|  35|0x0000000082300000, 0x0000000082300000, 0x0000000082400000|  0%| F|  |TAMS 0x0000000082300000, 0x0000000082300000| Untracked 
|  36|0x0000000082400000, 0x0000000082400000, 0x0000000082500000|  0%| F|  |TAMS 0x0000000082400000, 0x0000000082400000| Untracked 
|  37|0x0000000082500000, 0x0000000082500000, 0x0000000082600000|  0%| F|  |TAMS 0x0000000082500000, 0x0000000082500000| Untracked 
|  38|0x0000000082600000, 0x0000000082600000, 0x0000000082700000|  0%| F|  |TAMS 0x0000000082600000, 0x0000000082600000| Untracked 
|  39|0x0000000082700000, 0x0000000082700000, 0x0000000082800000|  0%| F|  |TAMS 0x0000000082700000, 0x0000000082700000| Untracked 
|  40|0x0000000082800000, 0x0000000082800000, 0x0000000082900000|  0%| F|  |TAMS 0x0000000082800000, 0x0000000082800000| Untracked 
|  41|0x0000000082900000, 0x0000000082900000, 0x0000000082a00000|  0%| F|  |TAMS 0x0000000082900000, 0x0000000082900000| Untracked 
|  42|0x0000000082a00000, 0x0000000082a00000, 0x0000000082b00000|  0%| F|  |TAMS 0x0000000082a00000, 0x0000000082a00000| Untracked 
|  43|0x0000000082b00000, 0x0000000082b00000, 0x0000000082c00000|  0%| F|  |TAMS 0x0000000082b00000, 0x0000000082b00000| Untracked 
|  44|0x0000000082c00000, 0x0000000082c00000, 0x0000000082d00000|  0%| F|  |TAMS 0x0000000082c00000, 0x0000000082c00000| Untracked 
|  45|0x0000000082d00000, 0x0000000082d00000, 0x0000000082e00000|  0%| F|  |TAMS 0x0000000082d00000, 0x0000000082d00000| Untracked 
|  46|0x0000000082e00000, 0x0000000082e00000, 0x0000000082f00000|  0%| F|  |TAMS 0x0000000082e00000, 0x0000000082e00000| Untracked 
|  47|0x0000000082f00000, 0x0000000082f00000, 0x0000000083000000|  0%| F|  |TAMS 0x0000000082f00000, 0x0000000082f00000| Untracked 
|  48|0x0000000083000000, 0x0000000083000000, 0x0000000083100000|  0%| F|  |TAMS 0x0000000083000000, 0x0000000083000000| Untracked 
|  49|0x0000000083100000, 0x0000000083100000, 0x0000000083200000|  0%| F|  |TAMS 0x0000000083100000, 0x0000000083100000| Untracked 
|  50|0x0000000083200000, 0x0000000083200000, 0x0000000083300000|  0%| F|  |TAMS 0x0000000083200000, 0x0000000083200000| Untracked 
|  51|0x0000000083300000, 0x0000000083300000, 0x0000000083400000|  0%| F|  |TAMS 0x0000000083300000, 0x0000000083300000| Untracked 
|  52|0x0000000083400000, 0x0000000083400000, 0x0000000083500000|  0%| F|  |TAMS 0x0000000083400000, 0x0000000083400000| Untracked 
|  53|0x0000000083500000, 0x0000000083500000, 0x0000000083600000|  0%| F|  |TAMS 0x0000000083500000, 0x0000000083500000| Untracked 
|  54|0x0000000083600000, 0x0000000083600000, 0x0000000083700000|  0%| F|  |TAMS 0x0000000083600000, 0x0000000083600000| Untracked 
|  55|0x0000000083700000, 0x0000000083700000, 0x0000000083800000|  0%| F|  |TAMS 0x0000000083700000, 0x0000000083700000| Untracked 
|  56|0x0000000083800000, 0x0000000083800000, 0x0000000083900000|  0%| F|  |TAMS 0x0000000083800000, 0x0000000083800000| Untracked 
|  57|0x0000000083900000, 0x0000000083900000, 0x0000000083a00000|  0%| F|  |TAMS 0x0000000083900000, 0x0000000083900000| Untracked 
|  58|0x0000000083a00000, 0x0000000083a00000, 0x0000000083b00000|  0%| F|  |TAMS 0x0000000083a00000, 0x0000000083a00000| Untracked 
|  59|0x0000000083b00000, 0x0000000083b00000, 0x0000000083c00000|  0%| F|  |TAMS 0x0000000083b00000, 0x0000000083b00000| Untracked 
|  60|0x0000000083c00000, 0x0000000083c00000, 0x0000000083d00000|  0%| F|  |TAMS 0x0000000083c00000, 0x0000000083c00000| Untracked 
|  61|0x0000000083d00000, 0x0000000083d00000, 0x0000000083e00000|  0%| F|  |TAMS 0x0000000083d00000, 0x0000000083d00000| Untracked 
|  62|0x0000000083e00000, 0x0000000083e00000, 0x0000000083f00000|  0%| F|  |TAMS 0x0000000083e00000, 0x0000000083e00000| Untracked 
|  63|0x0000000083f00000, 0x0000000083f00000, 0x0000000084000000|  0%| F|  |TAMS 0x0000000083f00000, 0x0000000083f00000| Untracked 
|  64|0x0000000084000000, 0x0000000084000000, 0x0000000084100000|  0%| F|  |TAMS 0x0000000084000000, 0x0000000084000000| Untracked 
|  65|0x0000000084100000, 0x0000000084100000, 0x0000000084200000|  0%| F|  |TAMS 0x0000000084100000, 0x0000000084100000| Untracked 
|  66|0x0000000084200000, 0x0000000084200000, 0x0000000084300000|  0%| F|  |TAMS 0x0000000084200000, 0x0000000084200000| Untracked 
|  67|0x0000000084300000, 0x0000000084300000, 0x0000000084400000|  0%| F|  |TAMS 0x0000000084300000, 0x0000000084300000| Untracked 
|  68|0x0000000084400000, 0x0000000084400000, 0x0000000084500000|  0%| F|  |TAMS 0x0000000084400000, 0x0000000084400000| Untracked 
|  69|0x0000000084500000, 0x0000000084500000, 0x0000000084600000|  0%| F|  |TAMS 0x0000000084500000, 0x0000000084500000| Untracked 
|  70|0x0000000084600000, 0x0000000084600000, 0x0000000084700000|  0%| F|  |TAMS 0x0000000084600000, 0x0000000084600000| Untracked 
|  71|0x0000000084700000, 0x0000000084700000, 0x0000000084800000|  0%| F|  |TAMS 0x0000000084700000, 0x0000000084700000| Untracked 
|  72|0x0000000084800000, 0x0000000084800000, 0x0000000084900000|  0%| F|  |TAMS 0x0000000084800000, 0x0000000084800000| Untracked 
|  73|0x0000000084900000, 0x0000000084900000, 0x0000000084a00000|  0%| F|  |TAMS 0x0000000084900000, 0x0000000084900000| Untracked 
|  74|0x0000000084a00000, 0x0000000084a00000, 0x0000000084b00000|  0%| F|  |TAMS 0x0000000084a00000, 0x0000000084a00000| Untracked 
|  75|0x0000000084b00000, 0x0000000084b00000, 0x0000000084c00000|  0%| F|  |TAMS 0x0000000084b00000, 0x0000000084b00000| Untracked 
|  76|0x0000000084c00000, 0x0000000084c00000, 0x0000000084d00000|  0%| F|  |TAMS 0x0000000084c00000, 0x0000000084c00000| Untracked 
|  77|0x0000000084d00000, 0x0000000084d00000, 0x0000000084e00000|  0%| F|  |TAMS 0x0000000084d00000, 0x0000000084d00000| Untracked 
|  78|0x0000000084e00000, 0x0000000084e00000, 0x0000000084f00000|  0%| F|  |TAMS 0x0000000084e00000, 0x0000000084e00000| Untracked 
|  79|0x0000000084f00000, 0x0000000084f00000, 0x0000000085000000|  0%| F|  |TAMS 0x0000000084f00000, 0x0000000084f00000| Untracked 
|  80|0x0000000085000000, 0x0000000085000000, 0x0000000085100000|  0%| F|  |TAMS 0x0000000085000000, 0x0000000085000000| Untracked 
|  81|0x0000000085100000, 0x0000000085100000, 0x0000000085200000|  0%| F|  |TAMS 0x0000000085100000, 0x0000000085100000| Untracked 
|  82|0x0000000085200000, 0x0000000085200000, 0x0000000085300000|  0%| F|  |TAMS 0x0000000085200000, 0x0000000085200000| Untracked 
|  83|0x0000000085300000, 0x0000000085300000, 0x0000000085400000|  0%| F|  |TAMS 0x0000000085300000, 0x0000000085300000| Untracked 
|  84|0x0000000085400000, 0x0000000085400000, 0x0000000085500000|  0%| F|  |TAMS 0x0000000085400000, 0x0000000085400000| Untracked 
|  85|0x0000000085500000, 0x0000000085500000, 0x0000000085600000|  0%| F|  |TAMS 0x0000000085500000, 0x0000000085500000| Untracked 
|  86|0x0000000085600000, 0x0000000085600000, 0x0000000085700000|  0%| F|  |TAMS 0x0000000085600000, 0x0000000085600000| Untracked 
|  87|0x0000000085700000, 0x0000000085700000, 0x0000000085800000|  0%| F|  |TAMS 0x0000000085700000, 0x0000000085700000| Untracked 
|  88|0x0000000085800000, 0x0000000085800000, 0x0000000085900000|  0%| F|  |TAMS 0x0000000085800000, 0x0000000085800000| Untracked 
|  89|0x0000000085900000, 0x0000000085900000, 0x0000000085a00000|  0%| F|  |TAMS 0x0000000085900000, 0x0000000085900000| Untracked 
|  90|0x0000000085a00000, 0x0000000085a00000, 0x0000000085b00000|  0%| F|  |TAMS 0x0000000085a00000, 0x0000000085a00000| Untracked 
|  91|0x0000000085b00000, 0x0000000085b00000, 0x0000000085c00000|  0%| F|  |TAMS 0x0000000085b00000, 0x0000000085b00000| Untracked 
|  92|0x0000000085c00000, 0x0000000085c00000, 0x0000000085d00000|  0%| F|  |TAMS 0x0000000085c00000, 0x0000000085c00000| Untracked 
|  93|0x0000000085d00000, 0x0000000085d00000, 0x0000000085e00000|  0%| F|  |TAMS 0x0000000085d00000, 0x0000000085d00000| Untracked 
|  94|0x0000000085e00000, 0x0000000085e00000, 0x0000000085f00000|  0%| F|  |TAMS 0x0000000085e00000, 0x0000000085e00000| Untracked 
|  95|0x0000000085f00000, 0x0000000085f00000, 0x0000000086000000|  0%| F|  |TAMS 0x0000000085f00000, 0x0000000085f00000| Untracked 
|  96|0x0000000086000000, 0x0000000086000000, 0x0000000086100000|  0%| F|  |TAMS 0x0000000086000000, 0x0000000086000000| Untracked 
|  97|0x0000000086100000, 0x0000000086100000, 0x0000000086200000|  0%| F|  |TAMS 0x0000000086100000, 0x0000000086100000| Untracked 
|  98|0x0000000086200000, 0x0000000086200000, 0x0000000086300000|  0%| F|  |TAMS 0x0000000086200000, 0x0000000086200000| Untracked 
|  99|0x0000000086300000, 0x0000000086300000, 0x0000000086400000|  0%| F|  |TAMS 0x0000000086300000, 0x0000000086300000| Untracked 
| 100|0x0000000086400000, 0x0000000086400000, 0x0000000086500000|  0%| F|  |TAMS 0x0000000086400000, 0x0000000086400000| Untracked 
| 101|0x0000000086500000, 0x0000000086500000, 0x0000000086600000|  0%| F|  |TAMS 0x0000000086500000, 0x0000000086500000| Untracked 
| 102|0x0000000086600000, 0x0000000086600000, 0x0000000086700000|  0%| F|  |TAMS 0x0000000086600000, 0x0000000086600000| Untracked 
| 103|0x0000000086700000, 0x0000000086700000, 0x0000000086800000|  0%| F|  |TAMS 0x0000000086700000, 0x0000000086700000| Untracked 
| 104|0x0000000086800000, 0x0000000086800000, 0x0000000086900000|  0%| F|  |TAMS 0x0000000086800000, 0x0000000086800000| Untracked 
| 105|0x0000000086900000, 0x0000000086900000, 0x0000000086a00000|  0%| F|  |TAMS 0x0000000086900000, 0x0000000086900000| Untracked 
| 106|0x0000000086a00000, 0x0000000086a00000, 0x0000000086b00000|  0%| F|  |TAMS 0x0000000086a00000, 0x0000000086a00000| Untracked 
| 107|0x0000000086b00000, 0x0000000086b00000, 0x0000000086c00000|  0%| F|  |TAMS 0x0000000086b00000, 0x0000000086b00000| Untracked 
| 108|0x0000000086c00000, 0x0000000086c00000, 0x0000000086d00000|  0%| F|  |TAMS 0x0000000086c00000, 0x0000000086c00000| Untracked 
| 109|0x0000000086d00000, 0x0000000086d00000, 0x0000000086e00000|  0%| F|  |TAMS 0x0000000086d00000, 0x0000000086d00000| Untracked 
| 110|0x0000000086e00000, 0x0000000086e00000, 0x0000000086f00000|  0%| F|  |TAMS 0x0000000086e00000, 0x0000000086e00000| Untracked 
| 111|0x0000000086f00000, 0x0000000086f00000, 0x0000000087000000|  0%| F|  |TAMS 0x0000000086f00000, 0x0000000086f00000| Untracked 
| 112|0x0000000087000000, 0x0000000087000000, 0x0000000087100000|  0%| F|  |TAMS 0x0000000087000000, 0x0000000087000000| Untracked 
| 113|0x0000000087100000, 0x0000000087100000, 0x0000000087200000|  0%| F|  |TAMS 0x0000000087100000, 0x0000000087100000| Untracked 
| 114|0x0000000087200000, 0x0000000087200000, 0x0000000087300000|  0%| F|  |TAMS 0x0000000087200000, 0x0000000087200000| Untracked 
| 115|0x0000000087300000, 0x0000000087300000, 0x0000000087400000|  0%| F|  |TAMS 0x0000000087300000, 0x0000000087300000| Untracked 
| 116|0x0000000087400000, 0x0000000087400000, 0x0000000087500000|  0%| F|  |TAMS 0x0000000087400000, 0x0000000087400000| Untracked 
| 117|0x0000000087500000, 0x0000000087500000, 0x0000000087600000|  0%| F|  |TAMS 0x0000000087500000, 0x0000000087500000| Untracked 
| 118|0x0000000087600000, 0x0000000087600000, 0x0000000087700000|  0%| F|  |TAMS 0x0000000087600000, 0x0000000087600000| Untracked 
| 119|0x0000000087700000, 0x0000000087700000, 0x0000000087800000|  0%| F|  |TAMS 0x0000000087700000, 0x0000000087700000| Untracked 
| 120|0x0000000087800000, 0x0000000087800000, 0x0000000087900000|  0%| F|  |TAMS 0x0000000087800000, 0x0000000087800000| Untracked 
| 121|0x0000000087900000, 0x0000000087900000, 0x0000000087a00000|  0%| F|  |TAMS 0x0000000087900000, 0x0000000087900000| Untracked 
| 122|0x0000000087a00000, 0x0000000087a00000, 0x0000000087b00000|  0%| F|  |TAMS 0x0000000087a00000, 0x0000000087a00000| Untracked 
| 123|0x0000000087b00000, 0x0000000087b00000, 0x0000000087c00000|  0%| F|  |TAMS 0x0000000087b00000, 0x0000000087b00000| Untracked 
| 124|0x0000000087c00000, 0x0000000087c00000, 0x0000000087d00000|  0%| F|  |TAMS 0x0000000087c00000, 0x0000000087c00000| Untracked 
| 125|0x0000000087d00000, 0x0000000087d00000, 0x0000000087e00000|  0%| F|  |TAMS 0x0000000087d00000, 0x0000000087d00000| Untracked 
| 126|0x0000000087e00000, 0x0000000087e00000, 0x0000000087f00000|  0%| F|  |TAMS 0x0000000087e00000, 0x0000000087e00000| Untracked 
| 127|0x0000000087f00000, 0x0000000087f00000, 0x0000000088000000|  0%| F|  |TAMS 0x0000000087f00000, 0x0000000087f00000| Untracked 
| 128|0x0000000088000000, 0x0000000088000000, 0x0000000088100000|  0%| F|  |TAMS 0x0000000088000000, 0x0000000088000000| Untracked 
| 129|0x0000000088100000, 0x0000000088100000, 0x0000000088200000|  0%| F|  |TAMS 0x0000000088100000, 0x0000000088100000| Untracked 
| 130|0x0000000088200000, 0x0000000088200000, 0x0000000088300000|  0%| F|  |TAMS 0x0000000088200000, 0x0000000088200000| Untracked 
| 131|0x0000000088300000, 0x0000000088300000, 0x0000000088400000|  0%| F|  |TAMS 0x0000000088300000, 0x0000000088300000| Untracked 
| 132|0x0000000088400000, 0x0000000088400000, 0x0000000088500000|  0%| F|  |TAMS 0x0000000088400000, 0x0000000088400000| Untracked 
| 133|0x0000000088500000, 0x0000000088500000, 0x0000000088600000|  0%| F|  |TAMS 0x0000000088500000, 0x0000000088500000| Untracked 
| 134|0x0000000088600000, 0x0000000088600000, 0x0000000088700000|  0%| F|  |TAMS 0x0000000088600000, 0x0000000088600000| Untracked 
| 135|0x0000000088700000, 0x0000000088700000, 0x0000000088800000|  0%| F|  |TAMS 0x0000000088700000, 0x0000000088700000| Untracked 
| 136|0x0000000088800000, 0x0000000088800000, 0x0000000088900000|  0%| F|  |TAMS 0x0000000088800000, 0x0000000088800000| Untracked 
| 137|0x0000000088900000, 0x0000000088900000, 0x0000000088a00000|  0%| F|  |TAMS 0x0000000088900000, 0x0000000088900000| Untracked 
| 138|0x0000000088a00000, 0x0000000088a00000, 0x0000000088b00000|  0%| F|  |TAMS 0x0000000088a00000, 0x0000000088a00000| Untracked 
| 139|0x0000000088b00000, 0x0000000088b00000, 0x0000000088c00000|  0%| F|  |TAMS 0x0000000088b00000, 0x0000000088b00000| Untracked 
| 140|0x0000000088c00000, 0x0000000088c00000, 0x0000000088d00000|  0%| F|  |TAMS 0x0000000088c00000, 0x0000000088c00000| Untracked 
| 141|0x0000000088d00000, 0x0000000088d00000, 0x0000000088e00000|  0%| F|  |TAMS 0x0000000088d00000, 0x0000000088d00000| Untracked 
| 142|0x0000000088e00000, 0x0000000088e00000, 0x0000000088f00000|  0%| F|  |TAMS 0x0000000088e00000, 0x0000000088e00000| Untracked 
| 143|0x0000000088f00000, 0x0000000088f00000, 0x0000000089000000|  0%| F|  |TAMS 0x0000000088f00000, 0x0000000088f00000| Untracked 
| 144|0x0000000089000000, 0x0000000089100000, 0x0000000089100000|100%| S|CS|TAMS 0x0000000089000000, 0x0000000089000000| Complete 
| 145|0x0000000089100000, 0x0000000089200000, 0x0000000089200000|100%| S|CS|TAMS 0x0000000089100000, 0x0000000089100000| Complete 
| 146|0x0000000089200000, 0x0000000089300000, 0x0000000089300000|100%| S|CS|TAMS 0x0000000089200000, 0x0000000089200000| Complete 
| 147|0x0000000089300000, 0x0000000089400000, 0x0000000089400000|100%| S|CS|TAMS 0x0000000089300000, 0x0000000089300000| Complete 
| 148|0x0000000089400000, 0x0000000089500000, 0x0000000089500000|100%| S|CS|TAMS 0x0000000089400000, 0x0000000089400000| Complete 
| 149|0x0000000089500000, 0x0000000089600000, 0x0000000089600000|100%| S|CS|TAMS 0x0000000089500000, 0x0000000089500000| Complete 
| 150|0x0000000089600000, 0x0000000089700000, 0x0000000089700000|100%| S|CS|TAMS 0x0000000089600000, 0x0000000089600000| Complete 
| 151|0x0000000089700000, 0x0000000089800000, 0x0000000089800000|100%| S|CS|TAMS 0x0000000089700000, 0x0000000089700000| Complete 
| 152|0x0000000089800000, 0x0000000089900000, 0x0000000089900000|100%| S|CS|TAMS 0x0000000089800000, 0x0000000089800000| Complete 
| 153|0x0000000089900000, 0x0000000089900000, 0x0000000089a00000|  0%| F|  |TAMS 0x0000000089900000, 0x0000000089900000| Untracked 
| 154|0x0000000089a00000, 0x0000000089a00000, 0x0000000089b00000|  0%| F|  |TAMS 0x0000000089a00000, 0x0000000089a00000| Untracked 
| 155|0x0000000089b00000, 0x0000000089b00000, 0x0000000089c00000|  0%| F|  |TAMS 0x0000000089b00000, 0x0000000089b00000| Untracked 
| 156|0x0000000089c00000, 0x0000000089c00000, 0x0000000089d00000|  0%| F|  |TAMS 0x0000000089c00000, 0x0000000089c00000| Untracked 
| 157|0x0000000089d00000, 0x0000000089d00000, 0x0000000089e00000|  0%| F|  |TAMS 0x0000000089d00000, 0x0000000089d00000| Untracked 
| 158|0x0000000089e00000, 0x0000000089e00000, 0x0000000089f00000|  0%| F|  |TAMS 0x0000000089e00000, 0x0000000089e00000| Untracked 
| 159|0x0000000089f00000, 0x0000000089f00000, 0x000000008a000000|  0%| F|  |TAMS 0x0000000089f00000, 0x0000000089f00000| Untracked 
| 160|0x000000008a000000, 0x000000008a000000, 0x000000008a100000|  0%| F|  |TAMS 0x000000008a000000, 0x000000008a000000| Untracked 
| 161|0x000000008a100000, 0x000000008a100000, 0x000000008a200000|  0%| F|  |TAMS 0x000000008a100000, 0x000000008a100000| Untracked 
| 162|0x000000008a200000, 0x000000008a200000, 0x000000008a300000|  0%| F|  |TAMS 0x000000008a200000, 0x000000008a200000| Untracked 
| 163|0x000000008a300000, 0x000000008a300000, 0x000000008a400000|  0%| F|  |TAMS 0x000000008a300000, 0x000000008a300000| Untracked 
| 164|0x000000008a400000, 0x000000008a400000, 0x000000008a500000|  0%| F|  |TAMS 0x000000008a400000, 0x000000008a400000| Untracked 
| 165|0x000000008a500000, 0x000000008a500000, 0x000000008a600000|  0%| F|  |TAMS 0x000000008a500000, 0x000000008a500000| Untracked 
| 166|0x000000008a600000, 0x000000008a600000, 0x000000008a700000|  0%| F|  |TAMS 0x000000008a600000, 0x000000008a600000| Untracked 
| 167|0x000000008a700000, 0x000000008a700000, 0x000000008a800000|  0%| F|  |TAMS 0x000000008a700000, 0x000000008a700000| Untracked 
| 168|0x000000008a800000, 0x000000008a800000, 0x000000008a900000|  0%| F|  |TAMS 0x000000008a800000, 0x000000008a800000| Untracked 
| 169|0x000000008a900000, 0x000000008a900000, 0x000000008aa00000|  0%| F|  |TAMS 0x000000008a900000, 0x000000008a900000| Untracked 
| 170|0x000000008aa00000, 0x000000008aa00000, 0x000000008ab00000|  0%| F|  |TAMS 0x000000008aa00000, 0x000000008aa00000| Untracked 
| 171|0x000000008ab00000, 0x000000008ab00000, 0x000000008ac00000|  0%| F|  |TAMS 0x000000008ab00000, 0x000000008ab00000| Untracked 
| 172|0x000000008ac00000, 0x000000008ac00000, 0x000000008ad00000|  0%| F|  |TAMS 0x000000008ac00000, 0x000000008ac00000| Untracked 
| 173|0x000000008ad00000, 0x000000008ad00000, 0x000000008ae00000|  0%| F|  |TAMS 0x000000008ad00000, 0x000000008ad00000| Untracked 
| 174|0x000000008ae00000, 0x000000008ae00000, 0x000000008af00000|  0%| F|  |TAMS 0x000000008ae00000, 0x000000008ae00000| Untracked 
| 175|0x000000008af00000, 0x000000008af00000, 0x000000008b000000|  0%| F|  |TAMS 0x000000008af00000, 0x000000008af00000| Untracked 
| 176|0x000000008b000000, 0x000000008b07e628, 0x000000008b100000| 49%| E|  |TAMS 0x000000008b000000, 0x000000008b000000| Complete 
| 177|0x000000008b100000, 0x000000008b200000, 0x000000008b200000|100%| E|CS|TAMS 0x000000008b100000, 0x000000008b100000| Complete 
| 178|0x000000008b200000, 0x000000008b300000, 0x000000008b300000|100%| E|CS|TAMS 0x000000008b200000, 0x000000008b200000| Complete 
| 179|0x000000008b300000, 0x000000008b400000, 0x000000008b400000|100%| E|CS|TAMS 0x000000008b300000, 0x000000008b300000| Complete 
| 180|0x000000008b400000, 0x000000008b500000, 0x000000008b500000|100%| E|CS|TAMS 0x000000008b400000, 0x000000008b400000| Complete 
| 181|0x000000008b500000, 0x000000008b600000, 0x000000008b600000|100%| E|CS|TAMS 0x000000008b500000, 0x000000008b500000| Complete 
| 182|0x000000008b600000, 0x000000008b700000, 0x000000008b700000|100%| E|CS|TAMS 0x000000008b600000, 0x000000008b600000| Complete 
| 183|0x000000008b700000, 0x000000008b800000, 0x000000008b800000|100%| E|CS|TAMS 0x000000008b700000, 0x000000008b700000| Complete 
| 184|0x000000008b800000, 0x000000008b900000, 0x000000008b900000|100%| E|CS|TAMS 0x000000008b800000, 0x000000008b800000| Complete 
| 185|0x000000008b900000, 0x000000008ba00000, 0x000000008ba00000|100%| E|CS|TAMS 0x000000008b900000, 0x000000008b900000| Complete 
| 186|0x000000008ba00000, 0x000000008bb00000, 0x000000008bb00000|100%| E|CS|TAMS 0x000000008ba00000, 0x000000008ba00000| Complete 
| 187|0x000000008bb00000, 0x000000008bc00000, 0x000000008bc00000|100%| E|CS|TAMS 0x000000008bb00000, 0x000000008bb00000| Complete 
| 188|0x000000008bc00000, 0x000000008bd00000, 0x000000008bd00000|100%| E|CS|TAMS 0x000000008bc00000, 0x000000008bc00000| Complete 
| 189|0x000000008bd00000, 0x000000008be00000, 0x000000008be00000|100%| E|CS|TAMS 0x000000008bd00000, 0x000000008bd00000| Complete 
| 190|0x000000008be00000, 0x000000008bf00000, 0x000000008bf00000|100%| E|CS|TAMS 0x000000008be00000, 0x000000008be00000| Complete 
| 191|0x000000008bf00000, 0x000000008c000000, 0x000000008c000000|100%| E|CS|TAMS 0x000000008bf00000, 0x000000008bf00000| Complete 
| 192|0x000000008c000000, 0x000000008c100000, 0x000000008c100000|100%| E|  |TAMS 0x000000008c000000, 0x000000008c000000| Complete 
| 193|0x000000008c100000, 0x000000008c200000, 0x000000008c200000|100%| E|CS|TAMS 0x000000008c100000, 0x000000008c100000| Complete 
| 194|0x000000008c200000, 0x000000008c300000, 0x000000008c300000|100%| E|CS|TAMS 0x000000008c200000, 0x000000008c200000| Complete 
| 195|0x000000008c300000, 0x000000008c400000, 0x000000008c400000|100%| E|CS|TAMS 0x000000008c300000, 0x000000008c300000| Complete 
| 196|0x000000008c400000, 0x000000008c500000, 0x000000008c500000|100%| E|CS|TAMS 0x000000008c400000, 0x000000008c400000| Complete 
| 197|0x000000008c500000, 0x000000008c600000, 0x000000008c600000|100%| E|CS|TAMS 0x000000008c500000, 0x000000008c500000| Complete 
| 198|0x000000008c600000, 0x000000008c700000, 0x000000008c700000|100%| E|CS|TAMS 0x000000008c600000, 0x000000008c600000| Complete 
| 199|0x000000008c700000, 0x000000008c800000, 0x000000008c800000|100%| E|CS|TAMS 0x000000008c700000, 0x000000008c700000| Complete 
| 200|0x000000008c800000, 0x000000008c900000, 0x000000008c900000|100%| E|CS|TAMS 0x000000008c800000, 0x000000008c800000| Complete 
| 201|0x000000008c900000, 0x000000008ca00000, 0x000000008ca00000|100%| E|CS|TAMS 0x000000008c900000, 0x000000008c900000| Complete 
| 202|0x000000008ca00000, 0x000000008cb00000, 0x000000008cb00000|100%| E|CS|TAMS 0x000000008ca00000, 0x000000008ca00000| Complete 
| 203|0x000000008cb00000, 0x000000008cc00000, 0x000000008cc00000|100%| E|CS|TAMS 0x000000008cb00000, 0x000000008cb00000| Complete 
| 204|0x000000008cc00000, 0x000000008cd00000, 0x000000008cd00000|100%| E|CS|TAMS 0x000000008cc00000, 0x000000008cc00000| Complete 
| 205|0x000000008cd00000, 0x000000008ce00000, 0x000000008ce00000|100%| E|CS|TAMS 0x000000008cd00000, 0x000000008cd00000| Complete 
| 206|0x000000008ce00000, 0x000000008cf00000, 0x000000008cf00000|100%| E|CS|TAMS 0x000000008ce00000, 0x000000008ce00000| Complete 
| 207|0x000000008cf00000, 0x000000008d000000, 0x000000008d000000|100%| E|CS|TAMS 0x000000008cf00000, 0x000000008cf00000| Complete 
| 208|0x000000008d000000, 0x000000008d100000, 0x000000008d100000|100%| E|CS|TAMS 0x000000008d000000, 0x000000008d000000| Complete 
| 209|0x000000008d100000, 0x000000008d200000, 0x000000008d200000|100%| E|CS|TAMS 0x000000008d100000, 0x000000008d100000| Complete 
| 210|0x000000008d200000, 0x000000008d300000, 0x000000008d300000|100%| E|CS|TAMS 0x000000008d200000, 0x000000008d200000| Complete 
| 211|0x000000008d300000, 0x000000008d400000, 0x000000008d400000|100%| E|CS|TAMS 0x000000008d300000, 0x000000008d300000| Complete 
| 212|0x000000008d400000, 0x000000008d500000, 0x000000008d500000|100%| E|CS|TAMS 0x000000008d400000, 0x000000008d400000| Complete 
| 213|0x000000008d500000, 0x000000008d600000, 0x000000008d600000|100%| E|CS|TAMS 0x000000008d500000, 0x000000008d500000| Complete 
| 214|0x000000008d600000, 0x000000008d700000, 0x000000008d700000|100%| E|CS|TAMS 0x000000008d600000, 0x000000008d600000| Complete 
| 215|0x000000008d700000, 0x000000008d800000, 0x000000008d800000|100%| E|CS|TAMS 0x000000008d700000, 0x000000008d700000| Complete 
| 216|0x000000008d800000, 0x000000008d900000, 0x000000008d900000|100%| E|CS|TAMS 0x000000008d800000, 0x000000008d800000| Complete 
| 217|0x000000008d900000, 0x000000008da00000, 0x000000008da00000|100%| E|CS|TAMS 0x000000008d900000, 0x000000008d900000| Complete 
| 218|0x000000008da00000, 0x000000008db00000, 0x000000008db00000|100%| E|CS|TAMS 0x000000008da00000, 0x000000008da00000| Complete 
| 219|0x000000008db00000, 0x000000008dc00000, 0x000000008dc00000|100%| E|CS|TAMS 0x000000008db00000, 0x000000008db00000| Complete 

Card table byte_map: [0x000001f1a9e70000,0x000001f1aa270000] _byte_map_base: 0x000001f1a9a70000

Marking Bits (Prev, Next): (CMBitMap*) 0x000001f1903a8f70, (CMBitMap*) 0x000001f1903a8fb0
 Prev Bits: [0x000001f1aa670000, 0x000001f1ac670000)
 Next Bits: [0x000001f1ac670000, 0x000001f1ae670000)

Polling page: 0x000001f18ff70000

Metaspace:

Usage:
  Non-class:     13.57 MB used.
      Class:      2.21 MB used.
       Both:     15.78 MB used.

Virtual space:
  Non-class space:       64.00 MB reserved,      13.75 MB ( 21%) committed,  1 nodes.
      Class space:        1.00 GB reserved,       2.38 MB ( <1%) committed,  1 nodes.
             Both:        1.06 GB reserved,      16.12 MB (  1%) committed. 

Chunk freelists:
   Non-Class:  2.05 MB
       Class:  13.67 MB
        Both:  15.72 MB

MaxMetaspaceSize: unlimited
CompressedClassSpaceSize: 1.00 GB
Initial GC threshold: 21.00 MB
Current GC threshold: 21.00 MB
CDS: on
MetaspaceReclaimPolicy: balanced
 - commit_granule_bytes: 65536.
 - commit_granule_words: 8192.
 - virtual_space_node_default_size: 8388608.
 - enlarge_chunks_in_place: 1.
 - new_chunks_are_fully_committed: 0.
 - uncommit_free_chunks: 1.
 - use_allocation_guard: 0.
 - handle_deallocations: 1.


Internal statistics:

num_allocs_failed_limit: 0.
num_arena_births: 188.
num_arena_deaths: 0.
num_vsnodes_births: 2.
num_vsnodes_deaths: 0.
num_space_committed: 258.
num_space_uncommitted: 0.
num_chunks_returned_to_freelist: 0.
num_chunks_taken_from_freelist: 703.
num_chunk_merges: 0.
num_chunk_splits: 482.
num_chunks_enlarged: 361.
num_inconsistent_stats: 0.

CodeHeap 'non-profiled nmethods': size=119168Kb used=1312Kb max_used=1312Kb free=117855Kb
 bounds [0x000001f1a10f0000, 0x000001f1a1360000, 0x000001f1a8550000]
CodeHeap 'profiled nmethods': size=119104Kb used=5175Kb max_used=5175Kb free=113928Kb
 bounds [0x000001f199550000, 0x000001f199a60000, 0x000001f1a09a0000]
CodeHeap 'non-nmethods': size=7488Kb used=2915Kb max_used=2969Kb free=4572Kb
 bounds [0x000001f1a09a0000, 0x000001f1a0c90000, 0x000001f1a10f0000]
 total_blobs=3090 nmethods=2557 adapters=442
 compilation: enabled
              stopped_count=0, restarted_count=0
 full_count=0

Compilation events (20 events):
Event: 1.537 Thread 0x000001f1f310a360 2542       3       java.util.HashMap::put (13 bytes)
Event: 1.537 Thread 0x000001f1f310a360 nmethod 2542 0x000001f199a58c10 code [0x000001f199a58dc0, 0x000001f199a590b8]
Event: 1.538 Thread 0x000001f1f310a360 2543       3       java.util.concurrent.locks.ReentrantLock$Sync::<init> (5 bytes)
Event: 1.538 Thread 0x000001f1f310a360 nmethod 2543 0x000001f199a59210 code [0x000001f199a593c0, 0x000001f199a595f8]
Event: 1.544 Thread 0x000001f1f310a360 2547       3       java.lang.invoke.LambdaForm::returnType (26 bytes)
Event: 1.544 Thread 0x000001f1f310a360 nmethod 2547 0x000001f199a59710 code [0x000001f199a598c0, 0x000001f199a59a58]
Event: 1.545 Thread 0x000001f1f310a360 2548       3       java.util.concurrent.locks.ReentrantLock$NonfairSync::<init> (5 bytes)
Event: 1.545 Thread 0x000001f1f310a360 nmethod 2548 0x000001f199a59b10 code [0x000001f199a59cc0, 0x000001f199a59f38]
Event: 1.552 Thread 0x000001f1b197db30 2549       3       java.lang.invoke.MethodHandles$Lookup$ClassFile::<init> (20 bytes)
Event: 1.552 Thread 0x000001f1b197db30 nmethod 2549 0x000001f199a5a090 code [0x000001f199a5a240, 0x000001f199a5a478]
Event: 1.552 Thread 0x000001f1b197db30 2550       3       java.lang.invoke.MethodHandles$Lookup$ClassDefiner::<init> (58 bytes)
Event: 1.552 Thread 0x000001f1b197db30 nmethod 2550 0x000001f199a5a510 code [0x000001f199a5a6c0, 0x000001f199a5a958]
Event: 1.552 Thread 0x000001f1b197db30 2552       3       java.lang.System$2::defineClass (21 bytes)
Event: 1.552 Thread 0x000001f1f310a360 2551       3       java.lang.invoke.MethodHandles$Lookup$ClassDefiner::defineClass (97 bytes)
Event: 1.552 Thread 0x000001f1b197db30 nmethod 2552 0x000001f199a5aa90 code [0x000001f199a5ac40, 0x000001f199a5adc8]
Event: 1.553 Thread 0x000001f1f310a360 nmethod 2551 0x000001f199a5ae90 code [0x000001f199a5b120, 0x000001f199a5bf38]
Event: 1.555 Thread 0x000001f1f3109e40 2553       3       java.lang.invoke.MethodHandles$Lookup::makeHiddenClassDefiner (42 bytes)
Event: 1.556 Thread 0x000001f1f3109e40 nmethod 2553 0x000001f199a5c510 code [0x000001f199a5c7c0, 0x000001f199a5d678]
Event: 1.577 Thread 0x000001f1f31d5b90 2555       4       java.lang.ref.Cleaner::register (25 bytes)
Event: 1.577 Thread 0x000001f1f37a0240 2556       4       java.lang.ClassNotFoundException::<init> (7 bytes)

GC Heap History (6 events):
Event: 0.232 GC heap before
{Heap before GC invocations=0 (full 0):
 garbage-first heap   total 225280K, used 22528K [0x0000000080000000, 0x0000000100000000)
  region size 1024K, 23 young (23552K), 0 survivors (0K)
 Metaspace       used 1097K, committed 1216K, reserved 1114112K
  class space    used 73K, committed 128K, reserved 1048576K
}
Event: 0.234 GC heap after
{Heap after GC invocations=1 (full 0):
 garbage-first heap   total 225280K, used 4528K [0x0000000080000000, 0x0000000100000000)
  region size 1024K, 3 young (3072K), 3 survivors (3072K)
 Metaspace       used 1097K, committed 1216K, reserved 1114112K
  class space    used 73K, committed 128K, reserved 1048576K
}
Event: 0.590 GC heap before
{Heap before GC invocations=1 (full 0):
 garbage-first heap   total 225280K, used 41392K [0x0000000080000000, 0x0000000100000000)
  region size 1024K, 35 young (35840K), 3 survivors (3072K)
 Metaspace       used 4441K, committed 4608K, reserved 1114112K
  class space    used 542K, committed 640K, reserved 1048576K
}
Event: 0.594 GC heap after
{Heap after GC invocations=2 (full 0):
 garbage-first heap   total 225280K, used 11871K [0x0000000080000000, 0x0000000100000000)
  region size 1024K, 5 young (5120K), 5 survivors (5120K)
 Metaspace       used 4441K, committed 4608K, reserved 1114112K
  class space    used 542K, committed 640K, reserved 1048576K
}
Event: 1.153 GC heap before
{Heap before GC invocations=2 (full 0):
 garbage-first heap   total 225280K, used 77407K [0x0000000080000000, 0x0000000100000000)
  region size 1024K, 67 young (68608K), 5 survivors (5120K)
 Metaspace       used 8925K, committed 9088K, reserved 1114112K
  class space    used 1157K, committed 1216K, reserved 1048576K
}
Event: 1.158 GC heap after
{Heap after GC invocations=3 (full 0):
 garbage-first heap   total 225280K, used 19815K [0x0000000080000000, 0x0000000100000000)
  region size 1024K, 9 young (9216K), 9 survivors (9216K)
 Metaspace       used 8925K, committed 9088K, reserved 1114112K
  class space    used 1157K, committed 1216K, reserved 1048576K
}

Dll operation events (15 events):
Event: 0.005 Loaded shared library C:\Users\OMEN\.jdks\ms-17.0.15\bin\java.dll
Event: 0.016 Loaded shared library C:\Users\OMEN\.jdks\ms-17.0.15\bin\jsvml.dll
Event: 0.051 Loaded shared library C:\Users\OMEN\.jdks\ms-17.0.15\bin\zip.dll
Event: 0.053 Loaded shared library C:\Users\OMEN\.jdks\ms-17.0.15\bin\instrument.dll
Event: 0.056 Loaded shared library C:\Users\OMEN\.jdks\ms-17.0.15\bin\net.dll
Event: 0.057 Loaded shared library C:\Users\OMEN\.jdks\ms-17.0.15\bin\nio.dll
Event: 0.058 Loaded shared library C:\Users\OMEN\.jdks\ms-17.0.15\bin\zip.dll
Event: 0.173 Loaded shared library C:\Users\OMEN\.jdks\ms-17.0.15\bin\jimage.dll
Event: 0.260 Loaded shared library C:\Users\OMEN\.jdks\ms-17.0.15\bin\verify.dll
Event: 0.372 Loaded shared library C:\Users\OMEN\.gradle\native\c067742578af261105cb4f569cf0c3c89f3d7b1fecec35dd04571415982c5e48\windows-amd64\native-platform.dll
Event: 0.375 Loaded shared library C:\Users\OMEN\.gradle\native\100fb08df4bc3b14c8652ba06237920a3bd2aa13389f12d3474272988ae205f9\windows-amd64\native-platform-file-events.dll
Event: 0.907 Loaded shared library C:\Users\OMEN\.jdks\ms-17.0.15\bin\management.dll
Event: 0.908 Loaded shared library C:\Users\OMEN\.jdks\ms-17.0.15\bin\management_ext.dll
Event: 1.011 Loaded shared library C:\Users\OMEN\.jdks\ms-17.0.15\bin\extnet.dll
Event: 1.198 Loaded shared library C:\Users\OMEN\.jdks\ms-17.0.15\bin\sunmscapi.dll

Deoptimization events (20 events):
Event: 1.316 Thread 0x000001f1f8169a10 DEOPT PACKING pc=0x000001f1a11a4568 sp=0x00000057dabfb350
Event: 1.316 Thread 0x000001f1f8169a10 DEOPT UNPACKING pc=0x000001f1a09f69a3 sp=0x00000057dabfb2b8 mode 2
Event: 1.471 Thread 0x000001f1f8169a10 Uncommon trap: trap_request=0xffffff45 fr.pc=0x000001f1a110fecc relative=0x00000000000001ac
Event: 1.471 Thread 0x000001f1f8169a10 Uncommon trap: reason=unstable_if action=reinterpret pc=0x000001f1a110fecc method=java.util.regex.Matcher.reset()Ljava/util/regex/Matcher; @ 47 c2
Event: 1.471 Thread 0x000001f1f8169a10 DEOPT PACKING pc=0x000001f1a110fecc sp=0x00000057dabfa570
Event: 1.471 Thread 0x000001f1f8169a10 DEOPT UNPACKING pc=0x000001f1a09f69a3 sp=0x00000057dabfa500 mode 2
Event: 1.478 Thread 0x000001f1f8169a10 DEOPT PACKING pc=0x000001f199640637 sp=0x00000057dabfa270
Event: 1.478 Thread 0x000001f1f8169a10 DEOPT UNPACKING pc=0x000001f1a09f7143 sp=0x00000057dabf9708 mode 0
Event: 1.503 Thread 0x000001f1f8169a10 Uncommon trap: trap_request=0xffffff45 fr.pc=0x000001f1a1113c20 relative=0x0000000000000aa0
Event: 1.503 Thread 0x000001f1f8169a10 Uncommon trap: reason=unstable_if action=reinterpret pc=0x000001f1a1113c20 method=java.io.WinNTFileSystem.resolve(Ljava/lang/String;Ljava/lang/String;)Ljava/lang/String; @ 19 c2
Event: 1.503 Thread 0x000001f1f8169a10 DEOPT PACKING pc=0x000001f1a1113c20 sp=0x00000057dabfae10
Event: 1.503 Thread 0x000001f1f8169a10 DEOPT UNPACKING pc=0x000001f1a09f69a3 sp=0x00000057dabfadb8 mode 2
Event: 1.504 Thread 0x000001f1f8169a10 Uncommon trap: trap_request=0xffffff45 fr.pc=0x000001f1a118ff24 relative=0x00000000000005e4
Event: 1.504 Thread 0x000001f1f8169a10 Uncommon trap: reason=unstable_if action=reinterpret pc=0x000001f1a118ff24 method=java.io.File.getName()Ljava/lang/String; @ 16 c2
Event: 1.504 Thread 0x000001f1f8169a10 DEOPT PACKING pc=0x000001f1a118ff24 sp=0x00000057dabfadc0
Event: 1.504 Thread 0x000001f1f8169a10 DEOPT UNPACKING pc=0x000001f1a09f69a3 sp=0x00000057dabfad90 mode 2
Event: 1.537 Thread 0x000001f1f8169a10 Uncommon trap: trap_request=0xffffff45 fr.pc=0x000001f1a1117bf8 relative=0x00000000000000d8
Event: 1.537 Thread 0x000001f1f8169a10 Uncommon trap: reason=unstable_if action=reinterpret pc=0x000001f1a1117bf8 method=java.util.HashMap.hash(Ljava/lang/Object;)I @ 1 c2
Event: 1.537 Thread 0x000001f1f8169a10 DEOPT PACKING pc=0x000001f1a1117bf8 sp=0x00000057dabfbd70
Event: 1.537 Thread 0x000001f1f8169a10 DEOPT UNPACKING pc=0x000001f1a09f69a3 sp=0x00000057dabfbcb0 mode 2

Classes loaded (20 events):
Event: 1.489 Loading class sun/security/provider/SHA5$SHA512
Event: 1.489 Loading class sun/security/provider/SHA5
Event: 1.489 Loading class sun/security/provider/SHA5 done
Event: 1.489 Loading class sun/security/provider/SHA5$SHA512 done
Event: 1.490 Loading class sun/security/provider/ByteArrayAccess$LE
Event: 1.490 Loading class sun/security/provider/ByteArrayAccess$LE done
Event: 1.503 Loading class java/io/File$TempDirectory
Event: 1.504 Loading class java/io/File$TempDirectory done
Event: 1.505 Loading class java/io/PrintWriter
Event: 1.505 Loading class java/io/PrintWriter done
Event: 1.520 Loading class java/util/concurrent/Semaphore
Event: 1.520 Loading class java/util/concurrent/Semaphore done
Event: 1.522 Loading class java/nio/file/FileVisitOption
Event: 1.522 Loading class java/nio/file/FileVisitOption done
Event: 1.526 Loading class java/util/stream/ReduceOps$1
Event: 1.526 Loading class java/util/stream/ReduceOps$1 done
Event: 1.526 Loading class java/util/stream/ReduceOps$1ReducingSink
Event: 1.526 Loading class java/util/stream/ReduceOps$1ReducingSink done
Event: 1.573 Loading class java/util/Collections$2
Event: 1.574 Loading class java/util/Collections$2 done

Classes unloaded (0 events):
No events

Classes redefined (0 events):
No events

Internal exceptions (20 events):
Event: 1.173 Thread 0x000001f190347d90 Exception <a 'java/lang/NoSuchMethodError'{0x000000008da0ded0}: 'java.lang.Object java.lang.invoke.DirectMethodHandle$Holder.newInvokeSpecial(java.lang.Object, java.lang.Object, java.lang.Object, java.lang.Object, java.lang.Object)'> (0x000000008da0ded0) 
thrown [s\src\hotspot\share\interpreter\linkResolver.cpp, line 759]
Event: 1.226 Thread 0x000001f1f9a17c90 Exception <a 'java/lang/NoSuchMethodError'{0x000000008d775a68}: 'void java.lang.invoke.DirectMethodHandle$Holder.invokeSpecial(java.lang.Object, java.lang.Object, java.lang.Object)'> (0x000000008d775a68) 
thrown [s\src\hotspot\share\interpreter\linkResolver.cpp, line 759]
Event: 1.260 Thread 0x000001f1f8169a10 Exception <a 'java/lang/NoSuchMethodError'{0x000000008d2e04d8}: 'long java.lang.invoke.DirectMethodHandle$Holder.invokeInterface(java.lang.Object, java.lang.Object)'> (0x000000008d2e04d8) 
thrown [s\src\hotspot\share\interpreter\linkResolver.cpp, line 759]
Event: 1.288 Thread 0x000001f1f8169a10 Exception <a 'java/lang/NoSuchMethodError'{0x000000008cd57cc0}: 'void java.lang.invoke.DirectMethodHandle$Holder.invokeStatic(java.lang.Object, java.lang.Object)'> (0x000000008cd57cc0) 
thrown [s\src\hotspot\share\interpreter\linkResolver.cpp, line 759]
Event: 1.320 Thread 0x000001f1f8169a10 Exception <a 'java/lang/NoSuchMethodError'{0x000000008cb727e8}: 'int java.lang.invoke.DirectMethodHandle$Holder.invokeVirtual(java.lang.Object, java.lang.Object, java.lang.Object)'> (0x000000008cb727e8) 
thrown [s\src\hotspot\share\interpreter\linkResolver.cpp, line 759]
Event: 1.341 Thread 0x000001f1f8169a10 Exception <a 'java/lang/NoSuchMethodError'{0x000000008c87f2f8}: 'java.lang.Object java.lang.invoke.DirectMethodHandle$Holder.newInvokeSpecial(java.lang.Object, java.lang.Object, java.lang.Object, java.lang.Object, java.lang.Object, java.lang.Object)'> (0x000000008c87f2f8) 
thrown [s\src\hotspot\share\interpreter\linkResolver.cpp, line 759]
Event: 1.344 Thread 0x000001f1f8169a10 Exception <a 'java/lang/NoSuchMethodError'{0x000000008c89c1e0}: 'void java.lang.invoke.DirectMethodHandle$Holder.invokeSpecial(java.lang.Object, java.lang.Object, java.lang.Object, java.lang.Object, java.lang.Object)'> (0x000000008c89c1e0) 
thrown [s\src\hotspot\share\interpreter\linkResolver.cpp, line 759]
Event: 1.344 Thread 0x000001f1f8169a10 Exception <a 'java/lang/NoSuchMethodError'{0x000000008c8afc08}: 'void java.lang.invoke.DirectMethodHandle$Holder.invokeStaticInit(java.lang.Object, java.lang.Object)'> (0x000000008c8afc08) 
thrown [s\src\hotspot\share\interpreter\linkResolver.cpp, line 759]
Event: 1.372 Thread 0x000001f1f8169a10 Exception <a 'java/lang/NoSuchMethodError'{0x000000008c588878}: 'void java.lang.invoke.DelegatingMethodHandle$Holder.reinvoke_L(java.lang.Object, java.lang.Object, java.lang.Object, java.lang.Object, java.lang.Object, java.lang.Object, java.lang.Object, java.lang.Object, java.lang.Object, java.lang.Object)'> (0x000000008c588878) 
thrown [s\src\hotspot\share\interpreter\linkResolver.cpp, line 759]
Event: 1.373 Thread 0x000001f1f8169a10 Exception <a 'java/lang/NoSuchMethodError'{0x000000008c590e28}: 'java.lang.Object java.lang.invoke.DirectMethodHandle$Holder.invokeSpecial(java.lang.Object, java.lang.Object, java.lang.Object, java.lang.Object, java.lang.Object, java.lang.Object, java.lang.Object, java.lang.Object, java.lang.Object, java.lang.Object)'> (0x000000008c590e28) 
thrown [s\src\hotspot\share\interpreter\linkResolver.cpp, line 759]
Event: 1.373 Thread 0x000001f1f8169a10 Exception <a 'java/lang/NoSuchMethodError'{0x000000008c5956f8}: 'java.lang.Object java.lang.invoke.Invokers$Holder.invoker(java.lang.Object, java.lang.Object, java.lang.Object, java.lang.Object, java.lang.Object, java.lang.Object, java.lang.Object, java.lang.Object, java.lang.Object, java.lang.Object)'> (0x000000008c5956f8) 
thrown [s\src\hotspot\share\interpreter\linkResolver.cpp, line 759]
Event: 1.373 Thread 0x000001f1f8169a10 Exception <a 'java/lang/NoSuchMethodError'{0x000000008c59b300}: 'java.lang.Object java.lang.invoke.DirectMethodHandle$Holder.invokeSpecial(java.lang.Object, java.lang.Object, java.lang.Object, java.lang.Object, java.lang.Object, java.lang.Object, java.lang.Object, java.lang.Object, java.lang.Object, java.lang.Object, java.lang.Object)'> (0x000000008c59b300) 
thrown [s\src\hotspot\share\interpreter\linkResolver.cpp, line 759]
Event: 1.464 Thread 0x000001f1f8169a10 Exception <a 'java/lang/NoSuchMethodError'{0x000000008bede450}: 'java.lang.Object java.lang.invoke.DirectMethodHandle$Holder.newInvokeSpecial(java.lang.Object, java.lang.Object, int)'> (0x000000008bede450) 
thrown [s\src\hotspot\share\interpreter\linkResolver.cpp, line 759]
Event: 1.523 Thread 0x000001f1f8169a10 Exception <a 'java/lang/NoSuchMethodError'{0x000000008b8d1288}: 'int java.lang.invoke.DirectMethodHandle$Holder.invokeSpecialIFC(java.lang.Object, java.lang.Object, java.lang.Object, java.lang.Object)'> (0x000000008b8d1288) 
thrown [s\src\hotspot\share\interpreter\linkResolver.cpp, line 759]
Event: 1.526 Thread 0x000001f1f8169a10 Exception <a 'java/lang/NoSuchMethodError'{0x000000008b8e03f0}: 'java.lang.Object java.lang.invoke.DirectMethodHandle$Holder.invokeInterface(java.lang.Object, java.lang.Object, java.lang.Object)'> (0x000000008b8e03f0) 
thrown [s\src\hotspot\share\interpreter\linkResolver.cpp, line 759]
Event: 1.526 Thread 0x000001f1f8169a10 Exception <a 'java/lang/IncompatibleClassChangeError'{0x000000008b8e42b0}: Found class java.lang.Object, but interface was expected> (0x000000008b8e42b0) 
thrown [s\src\hotspot\share\interpreter\linkResolver.cpp, line 826]
Event: 1.537 Thread 0x000001f1f8169a10 Implicit null exception at 0x000001f1a1117b58 to 0x000001f1a1117bee
Event: 1.544 Thread 0x000001f1f8169a10 Exception <a 'java/lang/NoSuchMethodError'{0x000000008b6d41d0}: 'int java.lang.invoke.DirectMethodHandle$Holder.invokeStatic(java.lang.Object, java.lang.Object, java.lang.Object, java.lang.Object)'> (0x000000008b6d41d0) 
thrown [s\src\hotspot\share\interpreter\linkResolver.cpp, line 759]
Event: 1.544 Thread 0x000001f1f8169a10 Exception <a 'java/lang/NoSuchMethodError'{0x000000008b6d80a0}: 'java.lang.Object java.lang.invoke.Invokers$Holder.invokeExact_MT(java.lang.Object, java.lang.Object, java.lang.Object, java.lang.Object, java.lang.Object, java.lang.Object)'> (0x000000008b6d80a0) 
thrown [s\src\hotspot\share\interpreter\linkResolver.cpp, line 759]
Event: 1.566 Thread 0x000001f1f8169a10 Exception <a 'java/lang/IncompatibleClassChangeError'{0x000000008b3b4c20}: Found class java.lang.Object, but interface was expected> (0x000000008b3b4c20) 
thrown [s\src\hotspot\share\interpreter\linkResolver.cpp, line 826]

VM Operations (20 events):
Event: 0.917 Executing VM operation: HandshakeAllThreads
Event: 0.917 Executing VM operation: HandshakeAllThreads done
Event: 0.936 Executing VM operation: HandshakeAllThreads
Event: 0.936 Executing VM operation: HandshakeAllThreads done
Event: 0.968 Executing VM operation: HandshakeAllThreads
Event: 0.968 Executing VM operation: HandshakeAllThreads done
Event: 0.980 Executing VM operation: HandshakeAllThreads
Event: 0.980 Executing VM operation: HandshakeAllThreads done
Event: 1.001 Executing VM operation: HandshakeAllThreads
Event: 1.001 Executing VM operation: HandshakeAllThreads done
Event: 1.148 Executing VM operation: HandshakeAllThreads
Event: 1.148 Executing VM operation: HandshakeAllThreads done
Event: 1.153 Executing VM operation: G1CollectForAllocation
Event: 1.158 Executing VM operation: G1CollectForAllocation done
Event: 1.183 Executing VM operation: HandshakeAllThreads
Event: 1.183 Executing VM operation: HandshakeAllThreads done
Event: 1.561 Executing VM operation: HandshakeAllThreads
Event: 1.561 Executing VM operation: HandshakeAllThreads done
Event: 1.562 Executing VM operation: HandshakeAllThreads
Event: 1.562 Executing VM operation: HandshakeAllThreads done

Memory protections (0 events):
No events

Nmethod flushes (0 events):
No events

Events (20 events):
Event: 0.036 Thread 0x000001f190347d90 Thread added: 0x000001f1f30809c0
Event: 0.044 Thread 0x000001f1f310a360 Thread added: 0x000001f1f31d5b90
Event: 0.046 Thread 0x000001f1f310a360 Thread added: 0x000001f1f31db3d0
Event: 0.063 Thread 0x000001f190347d90 Thread added: 0x000001f1f3298530
Event: 0.174 Thread 0x000001f1f3109e40 Thread added: 0x000001f1f36fe660
Event: 0.178 Thread 0x000001f1f31d5b90 Thread added: 0x000001f1f372f380
Event: 0.203 Thread 0x000001f1b197db30 Thread added: 0x000001f1f37a0240
Event: 0.928 Thread 0x000001f190347d90 Thread added: 0x000001f1f903e0b0
Event: 1.131 Thread 0x000001f190347d90 Thread added: 0x000001f1f35dbd40
Event: 1.175 Thread 0x000001f190347d90 Thread added: 0x000001f1f8c44a90
Event: 1.209 Thread 0x000001f1f35dbd40 Thread added: 0x000001f1f9a17c90
Event: 1.210 Thread 0x000001f1f9a17c90 Thread added: 0x000001f1f816b870
Event: 1.222 Thread 0x000001f1f9a17c90 Thread added: 0x000001f1f816a430
Event: 1.226 Thread 0x000001f1f9a17c90 Thread added: 0x000001f1f8169a10
Event: 1.231 Thread 0x000001f1f8169a10 Thread added: 0x000001f1f816c290
Event: 1.232 Thread 0x000001f1f8169a10 Thread added: 0x000001f1f816ae50
Event: 1.233 Thread 0x000001f1f8169a10 Thread added: 0x000001f1f816bd80
Event: 1.463 Thread 0x000001f1f8169a10 Thread added: 0x000001f1f8169f20
Event: 1.467 Thread 0x000001f1f8169a10 Thread added: 0x000001f1f816a940
Event: 1.486 Thread 0x000001f1f8169a10 Thread added: 0x000001f1f816b360


Dynamic libraries:
0x00007ff773520000 - 0x00007ff77352e000 	C:\Users\OMEN\.jdks\ms-17.0.15\bin\java.exe
0x00007ffc7afe0000 - 0x00007ffc7b247000 	C:\WINDOWS\SYSTEM32\ntdll.dll
0x00007ffc79c60000 - 0x00007ffc79d29000 	C:\WINDOWS\System32\KERNEL32.DLL
0x00007ffc785e0000 - 0x00007ffc789d0000 	C:\WINDOWS\System32\KERNELBASE.dll
0x00007ffc78350000 - 0x00007ffc7849b000 	C:\WINDOWS\System32\ucrtbase.dll
0x00007ffb8b5b0000 - 0x00007ffb8b5c7000 	C:\Users\OMEN\.jdks\ms-17.0.15\bin\jli.dll
0x00007ffc7a770000 - 0x00007ffc7a935000 	C:\WINDOWS\System32\USER32.dll
0x00007ffb8b590000 - 0x00007ffb8b5ad000 	C:\Users\OMEN\.jdks\ms-17.0.15\bin\VCRUNTIME140.dll
0x00007ffc78bc0000 - 0x00007ffc78be7000 	C:\WINDOWS\System32\win32u.dll
0x00007ffc794d0000 - 0x00007ffc794fb000 	C:\WINDOWS\System32\GDI32.dll
0x00007ffc52a60000 - 0x00007ffc52cfa000 	C:\WINDOWS\WinSxS\amd64_microsoft.windows.common-controls_6595b64144ccf1df_6.0.26100.4768_none_3e0c112ce331287c\COMCTL32.dll
0x00007ffc789e0000 - 0x00007ffc78b18000 	C:\WINDOWS\System32\gdi32full.dll
0x00007ffc78530000 - 0x00007ffc785d3000 	C:\WINDOWS\System32\msvcp_win.dll
0x00007ffc79390000 - 0x00007ffc79439000 	C:\WINDOWS\System32\msvcrt.dll
0x00007ffc792d0000 - 0x00007ffc792ff000 	C:\WINDOWS\System32\IMM32.DLL
0x00007ffc1adc0000 - 0x00007ffc1adcc000 	C:\Users\OMEN\.jdks\ms-17.0.15\bin\vcruntime140_1.dll
0x00007ffb8b500000 - 0x00007ffb8b58d000 	C:\Users\OMEN\.jdks\ms-17.0.15\bin\msvcp140.dll
0x00007ffb84da0000 - 0x00007ffb85a12000 	C:\Users\OMEN\.jdks\ms-17.0.15\bin\server\jvm.dll
0x00007ffc7aee0000 - 0x00007ffc7af94000 	C:\WINDOWS\System32\ADVAPI32.dll
0x00007ffc79510000 - 0x00007ffc795b6000 	C:\WINDOWS\System32\sechost.dll
0x00007ffc795c0000 - 0x00007ffc796d8000 	C:\WINDOWS\System32\RPCRT4.dll
0x00007ffc79d40000 - 0x00007ffc79db4000 	C:\WINDOWS\System32\WS2_32.dll
0x00007ffc76cb0000 - 0x00007ffc76d0e000 	C:\WINDOWS\SYSTEM32\POWRPROF.dll
0x00007ffc6a610000 - 0x00007ffc6a61b000 	C:\WINDOWS\SYSTEM32\VERSION.dll
0x00007ffc74af0000 - 0x00007ffc74b25000 	C:\WINDOWS\SYSTEM32\WINMM.dll
0x00007ffc76c90000 - 0x00007ffc76ca4000 	C:\WINDOWS\SYSTEM32\UMPDC.dll
0x00007ffc76ed0000 - 0x00007ffc76eeb000 	C:\WINDOWS\SYSTEM32\kernel.appcore.dll
0x00007ffc1a000000 - 0x00007ffc1a00a000 	C:\Users\OMEN\.jdks\ms-17.0.15\bin\jimage.dll
0x00007ffc756f0000 - 0x00007ffc75931000 	C:\WINDOWS\SYSTEM32\DBGHELP.DLL
0x00007ffc78d70000 - 0x00007ffc790f5000 	C:\WINDOWS\System32\combase.dll
0x00007ffc796e0000 - 0x00007ffc797c0000 	C:\WINDOWS\System32\OLEAUT32.dll
0x00007ffc3faa0000 - 0x00007ffc3fae3000 	C:\WINDOWS\SYSTEM32\dbgcore.DLL
0x00007ffc78b20000 - 0x00007ffc78bb9000 	C:\WINDOWS\System32\bcryptPrimitives.dll
0x00007ffc19730000 - 0x00007ffc1973e000 	C:\Users\OMEN\.jdks\ms-17.0.15\bin\instrument.dll
0x00007ffb8b4d0000 - 0x00007ffb8b4f5000 	C:\Users\OMEN\.jdks\ms-17.0.15\bin\java.dll
0x00007ffb8b3f0000 - 0x00007ffb8b4c6000 	C:\Users\OMEN\.jdks\ms-17.0.15\bin\jsvml.dll
0x00007ffc7a020000 - 0x00007ffc7a76d000 	C:\WINDOWS\System32\SHELL32.dll
0x00007ffc78110000 - 0x00007ffc78283000 	C:\WINDOWS\System32\wintypes.dll
0x00007ffc75cd0000 - 0x00007ffc7652f000 	C:\WINDOWS\SYSTEM32\windows.storage.dll
0x00007ffc7acd0000 - 0x00007ffc7adc5000 	C:\WINDOWS\System32\SHCORE.dll
0x00007ffc79fb0000 - 0x00007ffc7a01a000 	C:\WINDOWS\System32\shlwapi.dll
0x00007ffc78030000 - 0x00007ffc78059000 	C:\WINDOWS\SYSTEM32\profapi.dll
0x00007ffb8b3d0000 - 0x00007ffb8b3e8000 	C:\Users\OMEN\.jdks\ms-17.0.15\bin\zip.dll
0x00007ffb8b3b0000 - 0x00007ffb8b3ca000 	C:\Users\OMEN\.jdks\ms-17.0.15\bin\net.dll
0x00007ffc6cf00000 - 0x00007ffc6d01e000 	C:\WINDOWS\SYSTEM32\WINHTTP.dll
0x00007ffc774e0000 - 0x00007ffc7754b000 	C:\WINDOWS\system32\mswsock.dll
0x00007ffb8b390000 - 0x00007ffb8b3a6000 	C:\Users\OMEN\.jdks\ms-17.0.15\bin\nio.dll
0x00007ffc18dc0000 - 0x00007ffc18dd0000 	C:\Users\OMEN\.jdks\ms-17.0.15\bin\verify.dll
0x00007ffb8b5d0000 - 0x00007ffb8b5f7000 	C:\Users\OMEN\.gradle\native\c067742578af261105cb4f569cf0c3c89f3d7b1fecec35dd04571415982c5e48\windows-amd64\native-platform.dll
0x00007ffb8b240000 - 0x00007ffb8b384000 	C:\Users\OMEN\.gradle\native\100fb08df4bc3b14c8652ba06237920a3bd2aa13389f12d3474272988ae205f9\windows-amd64\native-platform-file-events.dll
0x00007ffc18ab0000 - 0x00007ffc18aba000 	C:\Users\OMEN\.jdks\ms-17.0.15\bin\management.dll
0x00007ffc17210000 - 0x00007ffc1721b000 	C:\Users\OMEN\.jdks\ms-17.0.15\bin\management_ext.dll
0x00007ffc79d30000 - 0x00007ffc79d38000 	C:\WINDOWS\System32\PSAPI.DLL
0x00007ffc778c0000 - 0x00007ffc778db000 	C:\WINDOWS\SYSTEM32\CRYPTSP.dll
0x00007ffc76ef0000 - 0x00007ffc76f2b000 	C:\WINDOWS\system32\rsaenh.dll
0x00007ffc77580000 - 0x00007ffc775ab000 	C:\WINDOWS\SYSTEM32\USERENV.dll
0x00007ffc78000000 - 0x00007ffc78026000 	C:\WINDOWS\SYSTEM32\bcrypt.dll
0x00007ffc77720000 - 0x00007ffc7772c000 	C:\WINDOWS\SYSTEM32\CRYPTBASE.dll
0x00007ffc76920000 - 0x00007ffc76953000 	C:\WINDOWS\SYSTEM32\IPHLPAPI.DLL
0x00007ffc79500000 - 0x00007ffc7950a000 	C:\WINDOWS\System32\NSI.dll
0x00007ffc6d5a0000 - 0x00007ffc6d5bf000 	C:\WINDOWS\SYSTEM32\dhcpcsvc6.DLL
0x00007ffc6d420000 - 0x00007ffc6d445000 	C:\WINDOWS\SYSTEM32\dhcpcsvc.DLL
0x00007ffc76960000 - 0x00007ffc76a86000 	C:\WINDOWS\SYSTEM32\DNSAPI.dll
0x00007ffc16ee0000 - 0x00007ffc16ee9000 	C:\Users\OMEN\.jdks\ms-17.0.15\bin\extnet.dll
0x00007ffc16da0000 - 0x00007ffc16dae000 	C:\Users\OMEN\.jdks\ms-17.0.15\bin\sunmscapi.dll
0x00007ffc78bf0000 - 0x00007ffc78d67000 	C:\WINDOWS\System32\CRYPT32.dll
0x00007ffc77a20000 - 0x00007ffc77a50000 	C:\WINDOWS\SYSTEM32\ncrypt.dll
0x00007ffc779d0000 - 0x00007ffc77a0f000 	C:\WINDOWS\SYSTEM32\NTASN1.dll
0x00007ffc38a70000 - 0x00007ffc38a78000 	C:\WINDOWS\system32\wshunix.dll

dbghelp: loaded successfully - version: 4.0.5 - missing functions: none
symbol engine: initialized successfully - sym options: 0x614 - pdb path: .;C:\Users\OMEN\.jdks\ms-17.0.15\bin;C:\WINDOWS\SYSTEM32;C:\WINDOWS\WinSxS\amd64_microsoft.windows.common-controls_6595b64144ccf1df_6.0.26100.4768_none_3e0c112ce331287c;C:\Users\OMEN\.jdks\ms-17.0.15\bin\server;C:\Users\OMEN\.gradle\native\c067742578af261105cb4f569cf0c3c89f3d7b1fecec35dd04571415982c5e48\windows-amd64;C:\Users\OMEN\.gradle\native\100fb08df4bc3b14c8652ba06237920a3bd2aa13389f12d3474272988ae205f9\windows-amd64

VM Arguments:
jvm_args: --add-opens=java.base/java.util=ALL-UNNAMED --add-opens=java.base/java.lang=ALL-UNNAMED --add-opens=java.base/java.lang.invoke=ALL-UNNAMED --add-opens=java.prefs/java.util.prefs=ALL-UNNAMED --add-exports=jdk.compiler/com.sun.tools.javac.api=ALL-UNNAMED --add-exports=jdk.compiler/com.sun.tools.javac.util=ALL-UNNAMED --add-opens=java.base/java.nio.charset=ALL-UNNAMED --add-opens=java.base/java.net=ALL-UNNAMED --add-opens=java.base/java.util.concurrent.atomic=ALL-UNNAMED -Xmx2048m -Dfile.encoding=UTF-8 -Duser.country=US -Duser.language=en -Duser.variant -javaagent:C:\Users\OMEN\.gradle\wrapper\dists\gradle-8.10.2-bin\a04bxjujx95o3nb99gddekhwo\gradle-8.10.2\lib\agents\gradle-instrumentation-agent-8.10.2.jar 
java_command: org.gradle.launcher.daemon.bootstrap.GradleDaemon 8.10.2
java_class_path (initial): C:\Users\OMEN\.gradle\wrapper\dists\gradle-8.10.2-bin\a04bxjujx95o3nb99gddekhwo\gradle-8.10.2\lib\gradle-daemon-main-8.10.2.jar
Launcher Type: SUN_STANDARD

[Global flags]
     intx CICompilerCount                          = 12                                        {product} {ergonomic}
     uint ConcGCThreads                            = 5                                         {product} {ergonomic}
     uint G1ConcRefinementThreads                  = 18                                        {product} {ergonomic}
   size_t G1HeapRegionSize                         = 1048576                                   {product} {ergonomic}
    uintx GCDrainStackTargetSize                   = 64                                        {product} {ergonomic}
   size_t InitialHeapSize                          = 230686720                                 {product} {ergonomic}
   size_t MarkStackSize                            = 4194304                                   {product} {ergonomic}
   size_t MaxHeapSize                              = 2147483648                                {product} {command line}
   size_t MaxNewSize                               = 1287651328                                {product} {ergonomic}
   size_t MinHeapDeltaBytes                        = 1048576                                   {product} {ergonomic}
   size_t MinHeapSize                              = 8388608                                   {product} {ergonomic}
    uintx NonNMethodCodeHeapSize                   = 7602480                                {pd product} {ergonomic}
    uintx NonProfiledCodeHeapSize                  = 122027880                              {pd product} {ergonomic}
    uintx ProfiledCodeHeapSize                     = 122027880                              {pd product} {ergonomic}
    uintx ReservedCodeCacheSize                    = 251658240                              {pd product} {ergonomic}
     bool SegmentedCodeCache                       = true                                      {product} {ergonomic}
   size_t SoftMaxHeapSize                          = 2147483648                             {manageable} {ergonomic}
     bool UseCompressedClassPointers               = true                           {product lp64_product} {ergonomic}
     bool UseCompressedOops                        = true                           {product lp64_product} {ergonomic}
     bool UseG1GC                                  = true                                      {product} {ergonomic}
     bool UseLargePagesIndividualAllocation        = false                                  {pd product} {ergonomic}

Logging:
Log output configuration:
 #0: stdout all=warning uptime,level,tags
 #1: stderr all=off uptime,level,tags

Environment Variables:
PATH=C:\WINDOWS\system32;C:\WINDOWS;C:\WINDOWS\System32\Wbem;C:\WINDOWS\System32\WindowsPowerShell\v1.0\;C:\WINDOWS\System32\OpenSSH\;D:\D\vs code\Microsoft VS Code\bin;C:\Program Files (x86)\dotnet\;C:\Program Files\nodejs\;C:\Program Files (x86)\NVIDIA Corporation\PhysX\Common;C:\Program Files\NVIDIA Corporation\NVIDIA app\NvDLISR;C:\Program Files\dotnet\;C:\Users\OMEN\AppData\Local\Programs\Python\Launcher\;C:\Users\OMEN\AppData\Local\Microsoft\WindowsApps;C:\Users\OMEN\AppData\Local\GitHubDesktop\bin;C:\Users\OMEN\AppData\Roaming\npm;D:\python\Scripts;
USERNAME=OMEN
OS=Windows_NT
PROCESSOR_IDENTIFIER=Intel64 Family 6 Model 183 Stepping 1, GenuineIntel
TMP=C:\Users\OMEN\AppData\Local\Temp
TEMP=C:\Users\OMEN\AppData\Local\Temp



Periodic native trim disabled


---------------  S Y S T E M  ---------------

OS:
 Windows 11 , 64 bit Build 26100 (10.0.26100.4768)
OS uptime: 4 days 0:38 hours
Hyper-V role detected

CPU: total 24 (initial active 24) (12 cores per cpu, 2 threads per core) family 6 model 183 stepping 1 microcode 0x129, cx8, cmov, fxsr, ht, mmx, 3dnowpref, sse, sse2, sse3, ssse3, sse4.1, sse4.2, popcnt, lzcnt, tsc, tscinvbit, avx, avx2, aes, erms, clmul, bmi1, bmi2, adx, sha, fma, vzeroupper, clflush, clflushopt, clwb, hv
Processor Information for processor 0
  Max Mhz: 2200, Current Mhz: 2200, Mhz Limit: 2200
Processor Information for processor 1
  Max Mhz: 2200, Current Mhz: 1466, Mhz Limit: 2200
Processor Information for processor 2
  Max Mhz: 2200, Current Mhz: 2200, Mhz Limit: 2200
Processor Information for processor 3
  Max Mhz: 2200, Current Mhz: 1466, Mhz Limit: 2200
Processor Information for processor 4
  Max Mhz: 2200, Current Mhz: 2200, Mhz Limit: 2200
Processor Information for processor 5
  Max Mhz: 2200, Current Mhz: 1466, Mhz Limit: 2200
Processor Information for processor 6
  Max Mhz: 2200, Current Mhz: 2200, Mhz Limit: 2200
Processor Information for processor 7
  Max Mhz: 2200, Current Mhz: 1466, Mhz Limit: 2200
Processor Information for processor 8
  Max Mhz: 2200, Current Mhz: 2200, Mhz Limit: 2200
Processor Information for processor 9
  Max Mhz: 2200, Current Mhz: 2200, Mhz Limit: 2200
Processor Information for processor 10
  Max Mhz: 2200, Current Mhz: 2200, Mhz Limit: 2200
Processor Information for processor 11
  Max Mhz: 2200, Current Mhz: 2200, Mhz Limit: 2200
Processor Information for processor 12
  Max Mhz: 2200, Current Mhz: 2200, Mhz Limit: 2200
Processor Information for processor 13
  Max Mhz: 2200, Current Mhz: 2200, Mhz Limit: 2200
Processor Information for processor 14
  Max Mhz: 2200, Current Mhz: 2200, Mhz Limit: 2200
Processor Information for processor 15
  Max Mhz: 2200, Current Mhz: 2200, Mhz Limit: 2200
Processor Information for processor 16
  Max Mhz: 2200, Current Mhz: 1512, Mhz Limit: 2200
Processor Information for processor 17
  Max Mhz: 2200, Current Mhz: 1512, Mhz Limit: 2200
Processor Information for processor 18
  Max Mhz: 2200, Current Mhz: 1512, Mhz Limit: 2200
Processor Information for processor 19
  Max Mhz: 2200, Current Mhz: 1512, Mhz Limit: 2200
Processor Information for processor 20
  Max Mhz: 2200, Current Mhz: 1512, Mhz Limit: 2200
Processor Information for processor 21
  Max Mhz: 2200, Current Mhz: 2200, Mhz Limit: 2200
Processor Information for processor 22
  Max Mhz: 2200, Current Mhz: 2200, Mhz Limit: 2200
Processor Information for processor 23
  Max Mhz: 2200, Current Mhz: 1512, Mhz Limit: 2200

Memory: 4k page, system-wide physical 14039M (4482M free)
TotalPageFile size 23831M (AvailPageFile size 5M)
current process WorkingSet (physical memory assigned to process): 198M, peak: 198M
current process commit charge ("private bytes"): 402M, peak: 404M

vm_info: OpenJDK 64-Bit Server VM (17.0.15+6-LTS) for windows-amd64 JRE (17.0.15+6-LTS), built on Apr  9 2025 22:27:25 by "MicrosoftCorporation" with unknown MS VC++:1939

END.
